V3 4
FL //vboxsvr/tesis/multiplicador_matriz_serial_vhdl/mult.vhd 2013/05/07.21:24:06 P.28xd
EN work/mult 1367972654 \
      FL //vboxsvr/tesis/multiplicador_matriz_serial_vhdl/mult.vhd \
      PB ieee/std_logic_1164 1341906176 PB ieee/STD_LOGIC_UNSIGNED 1341906179 \
      PB ieee/NUMERIC_STD 1341906182
AR work/mult/Behavioral 1367972655 \
      FL //vboxsvr/tesis/multiplicador_matriz_serial_vhdl/mult.vhd EN work/mult 1367972654 \
      CP integer
