Release 14.2 - xst P.28xd (nt)
Copyright (c) 1995-2012 Xilinx, Inc.  All rights reserved.
--> Parameter TMPDIR set to xst/projnav.tmp


Total REAL time to Xst completion: 0.00 secs
Total CPU time to Xst completion: 0.13 secs
 
--> Parameter xsthdpdir set to xst


Total REAL time to Xst completion: 0.00 secs
Total CPU time to Xst completion: 0.13 secs
 
--> Reading design: contador_BCD.prj

TABLE OF CONTENTS
  1) Synthesis Options Summary
  2) HDL Compilation
  3) Design Hierarchy Analysis
  4) HDL Analysis
  5) HDL Synthesis
     5.1) HDL Synthesis Report
  6) Advanced HDL Synthesis
     6.1) Advanced HDL Synthesis Report
  7) Low Level Synthesis
  8) Partition Report
  9) Final Report
	9.1) Device utilization summary
	9.2) Partition Resource Summary
	9.3) TIMING REPORT


=========================================================================
*                      Synthesis Options Summary                        *
=========================================================================
---- Source Parameters
Input File Name                    : "contador_BCD.prj"
Input Format                       : mixed
Ignore Synthesis Constraint File   : NO

---- Target Parameters
Output File Name                   : "contador_BCD"
Output Format                      : NGC
Target Device                      : xc3s100e-5-cp132

---- Source Options
Top Module Name                    : contador_BCD
Automatic FSM Extraction           : YES
FSM Encoding Algorithm             : Auto
Safe Implementation                : No
FSM Style                          : LUT
RAM Extraction                     : Yes
RAM Style                          : Auto
ROM Extraction                     : Yes
Mux Style                          : Auto
Decoder Extraction                 : YES
Priority Encoder Extraction        : Yes
Shift Register Extraction          : YES
Logical Shifter Extraction         : YES
XOR Collapsing                     : YES
ROM Style                          : Auto
Mux Extraction                     : Yes
Resource Sharing                   : YES
Asynchronous To Synchronous        : NO
Multiplier Style                   : Auto
Automatic Register Balancing       : No

---- Target Options
Add IO Buffers                     : YES
Global Maximum Fanout              : 100000
Add Generic Clock Buffer(BUFG)     : 24
Register Duplication               : YES
Slice Packing                      : YES
Optimize Instantiated Primitives   : NO
Use Clock Enable                   : Yes
Use Synchronous Set                : Yes
Use Synchronous Reset              : Yes
Pack IO Registers into IOBs        : Auto
Equivalent register Removal        : YES

---- General Options
Optimization Goal                  : Speed
Optimization Effort                : 1
Keep Hierarchy                     : No
Netlist Hierarchy                  : As_Optimized
RTL Output                         : Yes
Global Optimization                : AllClockNets
Read Cores                         : YES
Write Timing Constraints           : NO
Cross Clock Analysis               : NO
Hierarchy Separator                : /
Bus Delimiter                      : <>
Case Specifier                     : Maintain
Slice Utilization Ratio            : 100
BRAM Utilization Ratio             : 100
Verilog 2001                       : YES
Auto BRAM Packing                  : NO
Slice Utilization Ratio Delta      : 5

=========================================================================


=========================================================================
*                          HDL Compilation                              *
=========================================================================
Compiling verilog file "contador_BCD.v" in library work
Module <contador_BCD> compiled
No errors in compilation
Analysis of file <"contador_BCD.prj"> succeeded.
 

=========================================================================
*                     Design Hierarchy Analysis                         *
=========================================================================
Analyzing hierarchy for module <contador_BCD> in library <work> with parameters.
	N = "00000000000000000000000000000011"


=========================================================================
*                            HDL Analysis                               *
=========================================================================
Analyzing top module <contador_BCD>.
	N = 32'sb00000000000000000000000000000011
INFO:Xst:1607 - Contents of array <salidas> may be accessed with an index that does not cover the full array size.
Module <contador_BCD> is correct for synthesis.
 

=========================================================================
*                           HDL Synthesis                               *
=========================================================================

Performing bidirectional port resolution...

Synthesizing Unit <contador_BCD>.
    Related source file is "contador_BCD.v".
WARNING:Xst:1780 - Signal <iteracioncont[0].res> is never used or assigned. This unconnected signal will be trimmed during the optimization process.
WARNING:Xst:646 - Signal <interna<2>> is assigned but never used. This unconnected signal will be trimmed during the optimization process.
    Found 4-bit 3-to-1 multiplexer for signal <sal_aux>.
    Found 4-bit up counter for signal <iteracioncont[0].cont>.
    Found 4-bit up counter for signal <iteracioncont[1].cont>.
    Found 4-bit up counter for signal <iteracioncont[2].cont>.
    Summary:
	inferred   3 Counter(s).
	inferred   4 Multiplexer(s).
Unit <contador_BCD> synthesized.


=========================================================================
HDL Synthesis Report

Macro Statistics
# Counters                                             : 3
 4-bit up counter                                      : 3
# Multiplexers                                         : 1
 4-bit 3-to-1 multiplexer                              : 1

=========================================================================

=========================================================================
*                       Advanced HDL Synthesis                          *
=========================================================================


=========================================================================
Advanced HDL Synthesis Report

Macro Statistics
# Counters                                             : 3
 4-bit up counter                                      : 3
# Multiplexers                                         : 1
 4-bit 3-to-1 multiplexer                              : 1

=========================================================================

=========================================================================
*                         Low Level Synthesis                           *
=========================================================================

Optimizing unit <contador_BCD> ...

Mapping all equations...
Building and optimizing final netlist ...
Found area constraint ratio of 100 (+ 5) on block contador_BCD, actual ratio is 1.

Final Macro Processing ...

=========================================================================
Final Register Report

Macro Statistics
# Registers                                            : 12
 Flip-Flops                                            : 12

=========================================================================

=========================================================================
*                           Partition Report                            *
=========================================================================

Partition Implementation Status
-------------------------------

  No Partitions were found in this design.

-------------------------------

=========================================================================
*                            Final Report                               *
=========================================================================
Final Results
RTL Top Level Output File Name     : contador_BCD.ngr
Top Level Output File Name         : contador_BCD
Output Format                      : NGC
Optimization Goal                  : Speed
Keep Hierarchy                     : No

Design Statistics
# IOs                              : 20

Cell Usage :
# BELS                             : 27
#      INV                         : 3
#      LUT2                        : 3
#      LUT2_L                      : 1
#      LUT3                        : 9
#      LUT3_L                      : 1
#      LUT4                        : 9
#      LUT4_L                      : 1
# FlipFlops/Latches                : 12
#      FDRE                        : 12
# Clock Buffers                    : 1
#      BUFGP                       : 1
# IO Buffers                       : 19
#      IBUF                        : 3
#      OBUF                        : 16
=========================================================================

Device utilization summary:
---------------------------

Selected Device : 3s100ecp132-5 

 Number of Slices:                       13  out of    960     1%  
 Number of Slice Flip Flops:             12  out of   1920     0%  
 Number of 4 input LUTs:                 27  out of   1920     1%  
 Number of IOs:                          20
 Number of bonded IOBs:                  20  out of     83    24%  
 Number of GCLKs:                         1  out of     24     4%  

---------------------------
Partition Resource Summary:
---------------------------

  No Partitions were found in this design.

---------------------------


=========================================================================
TIMING REPORT

NOTE: THESE TIMING NUMBERS ARE ONLY A SYNTHESIS ESTIMATE.
      FOR ACCURATE TIMING INFORMATION PLEASE REFER TO THE TRACE REPORT
      GENERATED AFTER PLACE-and-ROUTE.

Clock Information:
------------------
-----------------------------------+------------------------+-------+
Clock Signal                       | Clock buffer(FF name)  | Load  |
-----------------------------------+------------------------+-------+
clk                                | BUFGP                  | 12    |
-----------------------------------+------------------------+-------+

Asynchronous Control Signals Information:
----------------------------------------
No asynchronous control signals found in this design

Timing Summary:
---------------
Speed Grade: -5

   Minimum period: 5.325ns (Maximum Frequency: 187.804MHz)
   Minimum input arrival time before clock: 5.932ns
   Maximum output required time after clock: 5.471ns
   Maximum combinational path delay: 5.895ns

Timing Detail:
--------------
All values displayed in nanoseconds (ns)

=========================================================================
Timing constraint: Default period analysis for Clock 'clk'
  Clock period: 5.325ns (frequency: 187.804MHz)
  Total number of paths / destination ports: 174 / 32
-------------------------------------------------------------------------
Delay:               5.325ns (Levels of Logic = 3)
  Source:            iteracioncont[0].cont_0 (FF)
  Destination:       iteracioncont[2].cont_0 (FF)
  Source Clock:      clk rising
  Destination Clock: clk rising

  Data Path: iteracioncont[0].cont_0 to iteracioncont[2].cont_0
                                Gate     Net
    Cell:in->out      fanout   Delay   Delay  Logical Name (Net Name)
    ----------------------------------------  ------------
     FDRE:C->Q            10   0.514   0.780  iteracioncont[0].cont_0 (iteracioncont[0].cont_0)
     LUT3:I2->O            1   0.612   0.360  iteracioncont[2]_clk_en_int_SW1 (N12)
     LUT4:I3->O            5   0.612   0.541  iteracioncont[2]_clk_en_int (iteracioncont[2]_clk_en_int)
     LUT4:I3->O            4   0.612   0.499  iteracioncont[2]_aux2 (iteracioncont[2]_aux2)
     FDRE:R                    0.795          iteracioncont[2].cont_0
    ----------------------------------------
    Total                      5.325ns (3.145ns logic, 2.180ns route)
                                       (59.1% logic, 40.9% route)

=========================================================================
Timing constraint: Default OFFSET IN BEFORE for Clock 'clk'
  Total number of paths / destination ports: 36 / 24
-------------------------------------------------------------------------
Offset:              5.932ns (Levels of Logic = 4)
  Source:            clk_en (PAD)
  Destination:       iteracioncont[2].cont_0 (FF)
  Destination Clock: clk rising

  Data Path: clk_en to iteracioncont[2].cont_0
                                Gate     Net
    Cell:in->out      fanout   Delay   Delay  Logical Name (Net Name)
    ----------------------------------------  ------------
     IBUF:I->O             8   1.106   0.795  clk_en_IBUF (clk_en_IBUF)
     LUT3:I0->O            1   0.612   0.360  iteracioncont[2]_clk_en_int_SW1 (N12)
     LUT4:I3->O            5   0.612   0.541  iteracioncont[2]_clk_en_int (iteracioncont[2]_clk_en_int)
     LUT4:I3->O            4   0.612   0.499  iteracioncont[2]_aux2 (iteracioncont[2]_aux2)
     FDRE:R                    0.795          iteracioncont[2].cont_0
    ----------------------------------------
    Total                      5.932ns (3.737ns logic, 2.195ns route)
                                       (63.0% logic, 37.0% route)

=========================================================================
Timing constraint: Default OFFSET OUT AFTER for Clock 'clk'
  Total number of paths / destination ports: 20 / 16
-------------------------------------------------------------------------
Offset:              5.471ns (Levels of Logic = 2)
  Source:            iteracioncont[0].cont_0 (FF)
  Destination:       sal_aux<0> (PAD)
  Source Clock:      clk rising

  Data Path: iteracioncont[0].cont_0 to sal_aux<0>
                                Gate     Net
    Cell:in->out      fanout   Delay   Delay  Logical Name (Net Name)
    ----------------------------------------  ------------
     FDRE:C->Q            10   0.514   0.819  iteracioncont[0].cont_0 (iteracioncont[0].cont_0)
     LUT3:I1->O            1   0.612   0.357  Mmux_sal_aux11 (sal_aux_0_OBUF)
     OBUF:I->O                 3.169          sal_aux_0_OBUF (sal_aux<0>)
    ----------------------------------------
    Total                      5.471ns (4.295ns logic, 1.176ns route)
                                       (78.5% logic, 21.5% route)

=========================================================================
Timing constraint: Default path analysis
  Total number of paths / destination ports: 4 / 4
-------------------------------------------------------------------------
Delay:               5.895ns (Levels of Logic = 3)
  Source:            sel<0> (PAD)
  Destination:       sal_aux<3> (PAD)

  Data Path: sel<0> to sal_aux<3>
                                Gate     Net
    Cell:in->out      fanout   Delay   Delay  Logical Name (Net Name)
    ----------------------------------------  ------------
     IBUF:I->O             4   1.106   0.651  sel_0_IBUF (sel_0_IBUF)
     LUT3:I0->O            1   0.612   0.357  Mmux_sal_aux41 (sal_aux_3_OBUF)
     OBUF:I->O                 3.169          sal_aux_3_OBUF (sal_aux<3>)
    ----------------------------------------
    Total                      5.895ns (4.887ns logic, 1.008ns route)
                                       (82.9% logic, 17.1% route)

=========================================================================


Total REAL time to Xst completion: 5.00 secs
Total CPU time to Xst completion: 4.91 secs
 
--> 

Total memory usage is 152780 kilobytes

Number of errors   :    0 (   0 filtered)
Number of warnings :    2 (   0 filtered)
Number of infos    :    1 (   0 filtered)

