--------------------------------------------------------------------------------
Release 14.2 Trace  (nt)
Copyright (c) 1995-2012 Xilinx, Inc.  All rights reserved.

C:\Xilinx\14.2\ISE_DS\ISE\bin\nt\unwrapped\trce.exe -intstyle ise -v 3 -s 5 -n
3 -fastpaths -xml multiplicador.twx multiplicador.ncd -o multiplicador.twr
multiplicador.pcf

Design file:              multiplicador.ncd
Physical constraint file: multiplicador.pcf
Device,package,speed:     xc3s1600e,fg320,-5 (PRODUCTION 1.27 2012-07-09)
Report level:             verbose report

Environment Variable      Effect 
--------------------      ------ 
NONE                      No environment variables were set
--------------------------------------------------------------------------------

INFO:Timing:2698 - No timing constraints found, doing default enumeration.
INFO:Timing:3412 - To improve timing, see the Timing Closure User Guide (UG612).
INFO:Timing:2752 - To get complete path coverage, use the unconstrained paths 
   option. All paths that are not constrained will be reported in the 
   unconstrained paths section(s) of the report.
INFO:Timing:3339 - The clock-to-out numbers in this timing report are based on 
   a 50 Ohm transmission line loading model.  For the details of this model, 
   and for more information on accounting for different loading conditions, 
   please see the device datasheet.
INFO:Timing:3390 - This architecture does not support a default System Jitter 
   value, please add SYSTEM_JITTER constraint to the UCF to modify the Clock 
   Uncertainty calculation.
INFO:Timing:3389 - This architecture does not support 'Discrete Jitter' and 
   'Phase Error' calculations, these terms will be zero in the Clock 
   Uncertainty calculation.  Please make appropriate modification to 
   SYSTEM_JITTER to account for the unsupported Discrete Jitter and Phase 
   Error.



Data Sheet report:
-----------------
All values displayed in nanoseconds (ns)

Pad to Pad
---------------+---------------+---------+
Source Pad     |Destination Pad|  Delay  |
---------------+---------------+---------+
in1<0>         |out<0>         |    9.247|
in1<0>         |out<1>         |   10.577|
in1<0>         |out<2>         |   12.272|
in1<0>         |out<3>         |   14.336|
in1<0>         |out<4>         |   15.570|
in1<0>         |out<5>         |   15.314|
in1<0>         |out<6>         |   15.524|
in1<0>         |out<7>         |   15.592|
in1<0>         |out<16>        |   11.382|
in1<0>         |out<17>        |   13.258|
in1<0>         |out<18>        |   14.554|
in1<0>         |out<19>        |   16.348|
in1<0>         |out<20>        |   17.923|
in1<0>         |out<21>        |   18.564|
in1<0>         |out<22>        |   19.575|
in1<0>         |out<23>        |   19.172|
in1<1>         |out<1>         |   10.138|
in1<1>         |out<2>         |   12.930|
in1<1>         |out<3>         |   14.994|
in1<1>         |out<4>         |   15.675|
in1<1>         |out<5>         |   15.419|
in1<1>         |out<6>         |   15.629|
in1<1>         |out<7>         |   15.697|
in1<1>         |out<17>        |   12.114|
in1<1>         |out<18>        |   14.346|
in1<1>         |out<19>        |   16.140|
in1<1>         |out<20>        |   16.714|
in1<1>         |out<21>        |   17.355|
in1<1>         |out<22>        |   18.366|
in1<1>         |out<23>        |   17.963|
in1<2>         |out<2>         |   12.667|
in1<2>         |out<3>         |   14.731|
in1<2>         |out<4>         |   15.412|
in1<2>         |out<5>         |   15.156|
in1<2>         |out<6>         |   15.366|
in1<2>         |out<7>         |   15.434|
in1<2>         |out<18>        |   14.198|
in1<2>         |out<19>        |   15.992|
in1<2>         |out<20>        |   16.470|
in1<2>         |out<21>        |   17.111|
in1<2>         |out<22>        |   18.122|
in1<2>         |out<23>        |   17.719|
in1<3>         |out<0>         |    8.375|
in1<3>         |out<1>         |   10.310|
in1<3>         |out<2>         |   10.819|
in1<3>         |out<3>         |   13.529|
in1<3>         |out<4>         |   14.734|
in1<3>         |out<5>         |   14.703|
in1<3>         |out<6>         |   14.913|
in1<3>         |out<7>         |   14.981|
in1<3>         |out<16>        |    8.549|
in1<3>         |out<17>        |   11.167|
in1<3>         |out<18>        |   12.144|
in1<3>         |out<19>        |   13.356|
in1<3>         |out<20>        |   13.619|
in1<3>         |out<21>        |   13.850|
in1<3>         |out<22>        |   14.861|
in1<3>         |out<23>        |   14.458|
in1<4>         |out<1>         |   10.358|
in1<4>         |out<2>         |   11.424|
in1<4>         |out<3>         |   13.911|
in1<4>         |out<4>         |   15.116|
in1<4>         |out<5>         |   15.085|
in1<4>         |out<6>         |   15.295|
in1<4>         |out<7>         |   15.363|
in1<4>         |out<17>        |   11.507|
in1<4>         |out<18>        |   12.501|
in1<4>         |out<19>        |   14.184|
in1<4>         |out<20>        |   14.447|
in1<4>         |out<21>        |   14.554|
in1<4>         |out<22>        |   15.565|
in1<4>         |out<23>        |   15.162|
in1<5>         |out<2>         |   11.020|
in1<5>         |out<3>         |   13.507|
in1<5>         |out<4>         |   14.712|
in1<5>         |out<5>         |   14.681|
in1<5>         |out<6>         |   14.891|
in1<5>         |out<7>         |   14.959|
in1<5>         |out<18>        |   12.736|
in1<5>         |out<19>        |   14.419|
in1<5>         |out<20>        |   14.682|
in1<5>         |out<21>        |   14.932|
in1<5>         |out<22>        |   15.943|
in1<5>         |out<23>        |   15.540|
in1<6>         |out<0>         |    9.738|
in1<6>         |out<1>         |   10.051|
in1<6>         |out<2>         |   11.005|
in1<6>         |out<3>         |   13.837|
in1<6>         |out<4>         |   15.352|
in1<6>         |out<5>         |   15.096|
in1<6>         |out<6>         |   15.306|
in1<6>         |out<7>         |   15.374|
in1<6>         |out<16>        |    9.487|
in1<6>         |out<17>        |   10.762|
in1<6>         |out<18>        |   11.874|
in1<6>         |out<19>        |   13.009|
in1<6>         |out<20>        |   14.400|
in1<6>         |out<21>        |   15.041|
in1<6>         |out<22>        |   16.052|
in1<6>         |out<23>        |   15.649|
in1<7>         |out<1>         |    9.819|
in1<7>         |out<2>         |   12.922|
in1<7>         |out<3>         |   15.049|
in1<7>         |out<4>         |   15.615|
in1<7>         |out<5>         |   15.133|
in1<7>         |out<6>         |   15.311|
in1<7>         |out<7>         |   15.379|
in1<7>         |out<17>        |   10.926|
in1<7>         |out<18>        |   12.253|
in1<7>         |out<19>        |   13.388|
in1<7>         |out<20>        |   15.390|
in1<7>         |out<21>        |   16.031|
in1<7>         |out<22>        |   17.042|
in1<7>         |out<23>        |   16.639|
in1<8>         |out<2>         |   13.350|
in1<8>         |out<3>         |   15.477|
in1<8>         |out<4>         |   16.043|
in1<8>         |out<5>         |   15.561|
in1<8>         |out<6>         |   15.739|
in1<8>         |out<7>         |   15.807|
in1<8>         |out<18>        |   12.930|
in1<8>         |out<19>        |   14.065|
in1<8>         |out<20>        |   15.487|
in1<8>         |out<21>        |   16.128|
in1<8>         |out<22>        |   17.139|
in1<8>         |out<23>        |   16.736|
in1<9>         |out<0>         |    7.911|
in1<9>         |out<1>         |    8.792|
in1<9>         |out<2>         |    9.449|
in1<9>         |out<3>         |   10.397|
in1<9>         |out<4>         |   11.752|
in1<9>         |out<5>         |   11.834|
in1<9>         |out<6>         |   12.044|
in1<9>         |out<7>         |   12.112|
in1<9>         |out<16>        |    6.739|
in1<9>         |out<17>        |    9.062|
in1<9>         |out<18>        |    9.930|
in1<9>         |out<19>        |   10.148|
in1<9>         |out<20>        |   10.337|
in1<9>         |out<21>        |   11.154|
in1<9>         |out<22>        |   12.165|
in1<9>         |out<23>        |   11.762|
in1<10>        |out<1>         |    8.806|
in1<10>        |out<2>         |   10.219|
in1<10>        |out<3>         |   11.167|
in1<10>        |out<4>         |   11.536|
in1<10>        |out<5>         |   11.618|
in1<10>        |out<6>         |   11.828|
in1<10>        |out<7>         |   11.896|
in1<10>        |out<17>        |    9.664|
in1<10>        |out<18>        |   11.299|
in1<10>        |out<19>        |   11.517|
in1<10>        |out<20>        |   11.563|
in1<10>        |out<21>        |   12.258|
in1<10>        |out<22>        |   13.269|
in1<10>        |out<23>        |   12.866|
in1<11>        |out<2>         |   11.317|
in1<11>        |out<3>         |   12.265|
in1<11>        |out<4>         |   12.614|
in1<11>        |out<5>         |   12.648|
in1<11>        |out<6>         |   12.858|
in1<11>        |out<7>         |   12.926|
in1<11>        |out<18>        |   12.331|
in1<11>        |out<19>        |   12.549|
in1<11>        |out<20>        |   12.595|
in1<11>        |out<21>        |   13.306|
in1<11>        |out<22>        |   14.317|
in1<11>        |out<23>        |   13.914|
in1<12>        |out<8>         |   10.710|
in1<12>        |out<9>         |   11.412|
in1<12>        |out<10>        |   12.506|
in1<12>        |out<11>        |   14.355|
in1<12>        |out<12>        |   15.469|
in1<12>        |out<13>        |   16.541|
in1<12>        |out<14>        |   16.581|
in1<12>        |out<15>        |   16.479|
in1<12>        |out<24>        |   11.103|
in1<12>        |out<25>        |   11.809|
in1<12>        |out<26>        |   12.497|
in1<12>        |out<27>        |   14.230|
in1<12>        |out<28>        |   15.387|
in1<12>        |out<29>        |   15.995|
in1<12>        |out<30>        |   15.642|
in1<12>        |out<31>        |   15.684|
in1<13>        |out<9>         |   10.326|
in1<13>        |out<10>        |   12.987|
in1<13>        |out<11>        |   14.836|
in1<13>        |out<12>        |   15.154|
in1<13>        |out<13>        |   16.226|
in1<13>        |out<14>        |   16.266|
in1<13>        |out<15>        |   16.164|
in1<13>        |out<25>        |   10.682|
in1<13>        |out<26>        |   12.598|
in1<13>        |out<27>        |   14.331|
in1<13>        |out<28>        |   15.488|
in1<13>        |out<29>        |   15.752|
in1<13>        |out<30>        |   15.399|
in1<13>        |out<31>        |   15.441|
in1<14>        |out<10>        |   12.690|
in1<14>        |out<11>        |   14.539|
in1<14>        |out<12>        |   14.857|
in1<14>        |out<13>        |   15.929|
in1<14>        |out<14>        |   15.969|
in1<14>        |out<15>        |   15.867|
in1<14>        |out<26>        |   11.448|
in1<14>        |out<27>        |   13.181|
in1<14>        |out<28>        |   14.338|
in1<14>        |out<29>        |   14.602|
in1<14>        |out<30>        |   14.249|
in1<14>        |out<31>        |   14.291|
in1<15>        |out<8>         |   10.128|
in1<15>        |out<9>         |   12.004|
in1<15>        |out<10>        |   13.645|
in1<15>        |out<11>        |   15.028|
in1<15>        |out<12>        |   15.030|
in1<15>        |out<13>        |   15.856|
in1<15>        |out<14>        |   15.896|
in1<15>        |out<15>        |   15.759|
in1<15>        |out<24>        |   10.873|
in1<15>        |out<25>        |   12.861|
in1<15>        |out<26>        |   13.059|
in1<15>        |out<27>        |   14.498|
in1<15>        |out<28>        |   15.655|
in1<15>        |out<29>        |   15.919|
in1<15>        |out<30>        |   15.566|
in1<15>        |out<31>        |   15.608|
in1<16>        |out<9>         |   10.687|
in1<16>        |out<10>        |   12.678|
in1<16>        |out<11>        |   14.061|
in1<16>        |out<12>        |   14.063|
in1<16>        |out<13>        |   14.889|
in1<16>        |out<14>        |   14.929|
in1<16>        |out<15>        |   14.792|
in1<16>        |out<25>        |   12.363|
in1<16>        |out<26>        |   12.879|
in1<16>        |out<27>        |   14.318|
in1<16>        |out<28>        |   15.475|
in1<16>        |out<29>        |   15.739|
in1<16>        |out<30>        |   15.386|
in1<16>        |out<31>        |   15.428|
in1<17>        |out<10>        |   12.981|
in1<17>        |out<11>        |   14.364|
in1<17>        |out<12>        |   14.366|
in1<17>        |out<13>        |   15.192|
in1<17>        |out<14>        |   15.232|
in1<17>        |out<15>        |   15.095|
in1<17>        |out<26>        |   12.338|
in1<17>        |out<27>        |   13.777|
in1<17>        |out<28>        |   14.934|
in1<17>        |out<29>        |   15.198|
in1<17>        |out<30>        |   14.845|
in1<17>        |out<31>        |   14.887|
in1<18>        |out<8>         |   11.921|
in1<18>        |out<9>         |   11.943|
in1<18>        |out<10>        |   11.973|
in1<18>        |out<11>        |   13.900|
in1<18>        |out<12>        |   13.982|
in1<18>        |out<13>        |   15.054|
in1<18>        |out<14>        |   15.119|
in1<18>        |out<15>        |   15.133|
in1<18>        |out<24>        |   10.037|
in1<18>        |out<25>        |   10.157|
in1<18>        |out<26>        |   10.246|
in1<18>        |out<27>        |   11.716|
in1<18>        |out<28>        |   13.320|
in1<18>        |out<29>        |   14.029|
in1<18>        |out<30>        |   13.676|
in1<18>        |out<31>        |   13.718|
in1<19>        |out<9>         |   11.544|
in1<19>        |out<10>        |   12.768|
in1<19>        |out<11>        |   14.695|
in1<19>        |out<12>        |   14.697|
in1<19>        |out<13>        |   15.682|
in1<19>        |out<14>        |   15.747|
in1<19>        |out<15>        |   15.761|
in1<19>        |out<25>        |   10.959|
in1<19>        |out<26>        |   11.889|
in1<19>        |out<27>        |   13.359|
in1<19>        |out<28>        |   14.795|
in1<19>        |out<29>        |   15.504|
in1<19>        |out<30>        |   15.151|
in1<19>        |out<31>        |   15.193|
in1<20>        |out<10>        |   12.477|
in1<20>        |out<11>        |   14.404|
in1<20>        |out<12>        |   14.406|
in1<20>        |out<13>        |   15.391|
in1<20>        |out<14>        |   15.456|
in1<20>        |out<15>        |   15.470|
in1<20>        |out<26>        |   11.780|
in1<20>        |out<27>        |   13.250|
in1<20>        |out<28>        |   14.686|
in1<20>        |out<29>        |   15.395|
in1<20>        |out<30>        |   15.042|
in1<20>        |out<31>        |   15.084|
in1<21>        |out<8>         |    7.452|
in1<21>        |out<9>         |   10.952|
in1<21>        |out<10>        |   11.155|
in1<21>        |out<11>        |   11.926|
in1<21>        |out<12>        |   11.467|
in1<21>        |out<13>        |   11.821|
in1<21>        |out<14>        |   11.696|
in1<21>        |out<15>        |   11.559|
in1<21>        |out<24>        |    8.196|
in1<21>        |out<25>        |   10.224|
in1<21>        |out<26>        |   10.017|
in1<21>        |out<27>        |   10.301|
in1<21>        |out<28>        |   11.790|
in1<21>        |out<29>        |   12.644|
in1<21>        |out<30>        |   12.291|
in1<21>        |out<31>        |   12.333|
in1<22>        |out<9>         |   11.087|
in1<22>        |out<10>        |   12.367|
in1<22>        |out<11>        |   13.289|
in1<22>        |out<12>        |   12.859|
in1<22>        |out<13>        |   13.213|
in1<22>        |out<14>        |   12.874|
in1<22>        |out<15>        |   12.737|
in1<22>        |out<25>        |    9.677|
in1<22>        |out<26>        |   10.186|
in1<22>        |out<27>        |   10.470|
in1<22>        |out<28>        |   11.621|
in1<22>        |out<29>        |   12.475|
in1<22>        |out<30>        |   12.122|
in1<22>        |out<31>        |   12.164|
in1<23>        |out<10>        |   11.725|
in1<23>        |out<11>        |   12.647|
in1<23>        |out<12>        |   12.217|
in1<23>        |out<13>        |   12.571|
in1<23>        |out<14>        |   12.157|
in1<23>        |out<15>        |   12.020|
in1<23>        |out<26>        |   10.224|
in1<23>        |out<27>        |   10.508|
in1<23>        |out<28>        |   11.659|
in1<23>        |out<29>        |   12.513|
in1<23>        |out<30>        |   12.160|
in1<23>        |out<31>        |   12.202|
in2<0>         |out<0>         |   11.126|
in2<0>         |out<1>         |   11.939|
in2<0>         |out<2>         |   14.770|
in2<0>         |out<3>         |   16.834|
in2<0>         |out<4>         |   17.515|
in2<0>         |out<5>         |   17.259|
in2<0>         |out<6>         |   17.469|
in2<0>         |out<7>         |   17.537|
in2<0>         |out<8>         |   10.875|
in2<0>         |out<9>         |   11.126|
in2<0>         |out<10>        |   12.853|
in2<0>         |out<11>        |   14.702|
in2<0>         |out<12>        |   15.020|
in2<0>         |out<13>        |   16.092|
in2<0>         |out<14>        |   16.132|
in2<0>         |out<15>        |   16.030|
in2<1>         |out<1>         |   12.192|
in2<1>         |out<2>         |   14.298|
in2<1>         |out<3>         |   16.362|
in2<1>         |out<4>         |   17.043|
in2<1>         |out<5>         |   16.787|
in2<1>         |out<6>         |   16.997|
in2<1>         |out<7>         |   17.065|
in2<1>         |out<9>         |   11.073|
in2<1>         |out<10>        |   12.177|
in2<1>         |out<11>        |   14.026|
in2<1>         |out<12>        |   14.344|
in2<1>         |out<13>        |   15.416|
in2<1>         |out<14>        |   15.456|
in2<1>         |out<15>        |   15.354|
in2<2>         |out<2>         |   12.543|
in2<2>         |out<3>         |   14.607|
in2<2>         |out<4>         |   15.967|
in2<2>         |out<5>         |   15.711|
in2<2>         |out<6>         |   15.921|
in2<2>         |out<7>         |   15.989|
in2<2>         |out<10>        |   11.970|
in2<2>         |out<11>        |   13.819|
in2<2>         |out<12>        |   14.835|
in2<2>         |out<13>        |   15.907|
in2<2>         |out<14>        |   15.947|
in2<2>         |out<15>        |   15.845|
in2<3>         |out<0>         |   10.134|
in2<3>         |out<1>         |   12.350|
in2<3>         |out<2>         |   13.090|
in2<3>         |out<3>         |   15.577|
in2<3>         |out<4>         |   16.782|
in2<3>         |out<5>         |   16.751|
in2<3>         |out<6>         |   16.961|
in2<3>         |out<7>         |   17.029|
in2<3>         |out<8>         |   10.417|
in2<3>         |out<9>         |   12.374|
in2<3>         |out<10>        |   14.042|
in2<3>         |out<11>        |   15.425|
in2<3>         |out<12>        |   15.427|
in2<3>         |out<13>        |   16.253|
in2<3>         |out<14>        |   16.293|
in2<3>         |out<15>        |   16.156|
in2<4>         |out<1>         |   11.937|
in2<4>         |out<2>         |   13.000|
in2<4>         |out<3>         |   15.487|
in2<4>         |out<4>         |   16.692|
in2<4>         |out<5>         |   16.661|
in2<4>         |out<6>         |   16.871|
in2<4>         |out<7>         |   16.939|
in2<4>         |out<9>         |   10.403|
in2<4>         |out<10>        |   12.444|
in2<4>         |out<11>        |   13.827|
in2<4>         |out<12>        |   13.829|
in2<4>         |out<13>        |   14.655|
in2<4>         |out<14>        |   14.695|
in2<4>         |out<15>        |   14.558|
in2<5>         |out<2>         |   12.198|
in2<5>         |out<3>         |   13.989|
in2<5>         |out<4>         |   14.705|
in2<5>         |out<5>         |   14.449|
in2<5>         |out<6>         |   14.659|
in2<5>         |out<7>         |   14.727|
in2<5>         |out<10>        |   12.155|
in2<5>         |out<11>        |   13.538|
in2<5>         |out<12>        |   13.663|
in2<5>         |out<13>        |   14.735|
in2<5>         |out<14>        |   14.775|
in2<5>         |out<15>        |   14.638|
in2<6>         |out<0>         |   11.993|
in2<6>         |out<1>         |   12.306|
in2<6>         |out<2>         |   13.238|
in2<6>         |out<3>         |   15.365|
in2<6>         |out<4>         |   15.931|
in2<6>         |out<5>         |   15.590|
in2<6>         |out<6>         |   15.800|
in2<6>         |out<7>         |   15.868|
in2<6>         |out<8>         |   12.303|
in2<6>         |out<9>         |   12.325|
in2<6>         |out<10>        |   13.483|
in2<6>         |out<11>        |   15.410|
in2<6>         |out<12>        |   15.412|
in2<6>         |out<13>        |   16.397|
in2<6>         |out<14>        |   16.462|
in2<6>         |out<15>        |   16.476|
in2<7>         |out<1>         |   12.894|
in2<7>         |out<2>         |   14.829|
in2<7>         |out<3>         |   16.956|
in2<7>         |out<4>         |   17.522|
in2<7>         |out<5>         |   17.040|
in2<7>         |out<6>         |   17.218|
in2<7>         |out<7>         |   17.286|
in2<7>         |out<9>         |   12.112|
in2<7>         |out<10>        |   13.286|
in2<7>         |out<11>        |   15.213|
in2<7>         |out<12>        |   15.215|
in2<7>         |out<13>        |   16.200|
in2<7>         |out<14>        |   16.265|
in2<7>         |out<15>        |   16.279|
in2<8>         |out<2>         |   12.934|
in2<8>         |out<3>         |   15.061|
in2<8>         |out<4>         |   15.844|
in2<8>         |out<5>         |   15.588|
in2<8>         |out<6>         |   15.798|
in2<8>         |out<7>         |   15.866|
in2<8>         |out<10>        |   11.888|
in2<8>         |out<11>        |   13.815|
in2<8>         |out<12>        |   13.990|
in2<8>         |out<13>        |   15.194|
in2<8>         |out<14>        |   15.272|
in2<8>         |out<15>        |   15.286|
in2<9>         |out<0>         |    9.168|
in2<9>         |out<1>         |   10.976|
in2<9>         |out<2>         |   12.383|
in2<9>         |out<3>         |   13.331|
in2<9>         |out<4>         |   13.971|
in2<9>         |out<5>         |   14.053|
in2<9>         |out<6>         |   14.263|
in2<9>         |out<7>         |   14.331|
in2<9>         |out<8>         |    8.860|
in2<9>         |out<9>         |   10.936|
in2<9>         |out<10>        |   12.189|
in2<9>         |out<11>        |   13.111|
in2<9>         |out<12>        |   12.681|
in2<9>         |out<13>        |   13.035|
in2<9>         |out<14>        |   12.621|
in2<9>         |out<15>        |   12.484|
in2<10>        |out<1>         |   10.143|
in2<10>        |out<2>         |   11.606|
in2<10>        |out<3>         |   12.554|
in2<10>        |out<4>         |   12.903|
in2<10>        |out<5>         |   12.894|
in2<10>        |out<6>         |   13.104|
in2<10>        |out<7>         |   13.172|
in2<10>        |out<9>         |   10.994|
in2<10>        |out<10>        |   12.297|
in2<10>        |out<11>        |   13.219|
in2<10>        |out<12>        |   12.789|
in2<10>        |out<13>        |   13.143|
in2<10>        |out<14>        |   12.729|
in2<10>        |out<15>        |   12.592|
in2<11>        |out<2>         |   10.476|
in2<11>        |out<3>         |   11.868|
in2<11>        |out<4>         |   13.628|
in2<11>        |out<5>         |   13.710|
in2<11>        |out<6>         |   13.920|
in2<11>        |out<7>         |   13.988|
in2<11>        |out<10>        |   10.624|
in2<11>        |out<11>        |   11.546|
in2<11>        |out<12>        |   11.116|
in2<11>        |out<13>        |   11.918|
in2<11>        |out<14>        |   11.958|
in2<11>        |out<15>        |   11.821|
in2<12>        |out<16>        |    9.164|
in2<12>        |out<17>        |   11.032|
in2<12>        |out<18>        |   12.876|
in2<12>        |out<19>        |   14.670|
in2<12>        |out<20>        |   15.188|
in2<12>        |out<21>        |   15.829|
in2<12>        |out<22>        |   16.840|
in2<12>        |out<23>        |   16.437|
in2<12>        |out<24>        |    9.380|
in2<12>        |out<25>        |   10.405|
in2<12>        |out<26>        |   11.795|
in2<12>        |out<27>        |   13.528|
in2<12>        |out<28>        |   14.685|
in2<12>        |out<29>        |   14.949|
in2<12>        |out<30>        |   14.596|
in2<12>        |out<31>        |   14.638|
in2<13>        |out<17>        |   10.666|
in2<13>        |out<18>        |   13.285|
in2<13>        |out<19>        |   15.079|
in2<13>        |out<20>        |   15.619|
in2<13>        |out<21>        |   16.260|
in2<13>        |out<22>        |   17.271|
in2<13>        |out<23>        |   16.868|
in2<13>        |out<25>        |   10.310|
in2<13>        |out<26>        |   11.226|
in2<13>        |out<27>        |   12.959|
in2<13>        |out<28>        |   14.116|
in2<13>        |out<29>        |   14.380|
in2<13>        |out<30>        |   14.027|
in2<13>        |out<31>        |   14.069|
in2<14>        |out<18>        |   12.249|
in2<14>        |out<19>        |   14.043|
in2<14>        |out<20>        |   14.668|
in2<14>        |out<21>        |   15.309|
in2<14>        |out<22>        |   16.320|
in2<14>        |out<23>        |   15.917|
in2<14>        |out<26>        |   11.116|
in2<14>        |out<27>        |   12.849|
in2<14>        |out<28>        |   14.006|
in2<14>        |out<29>        |   14.270|
in2<14>        |out<30>        |   13.917|
in2<14>        |out<31>        |   13.959|
in2<15>        |out<16>        |    9.691|
in2<15>        |out<17>        |   11.468|
in2<15>        |out<18>        |   13.011|
in2<15>        |out<19>        |   14.694|
in2<15>        |out<20>        |   14.957|
in2<15>        |out<21>        |   15.041|
in2<15>        |out<22>        |   16.052|
in2<15>        |out<23>        |   15.649|
in2<15>        |out<24>        |    9.856|
in2<15>        |out<25>        |   12.800|
in2<15>        |out<26>        |   13.339|
in2<15>        |out<27>        |   14.778|
in2<15>        |out<28>        |   15.935|
in2<15>        |out<29>        |   16.199|
in2<15>        |out<30>        |   15.846|
in2<15>        |out<31>        |   15.888|
in2<16>        |out<17>        |   11.801|
in2<16>        |out<18>        |   13.076|
in2<16>        |out<19>        |   14.759|
in2<16>        |out<20>        |   15.022|
in2<16>        |out<21>        |   15.106|
in2<16>        |out<22>        |   16.117|
in2<16>        |out<23>        |   15.714|
in2<16>        |out<25>        |   11.161|
in2<16>        |out<26>        |   11.727|
in2<16>        |out<27>        |   13.166|
in2<16>        |out<28>        |   14.323|
in2<16>        |out<29>        |   14.587|
in2<16>        |out<30>        |   14.234|
in2<16>        |out<31>        |   14.276|
in2<17>        |out<18>        |   11.803|
in2<17>        |out<19>        |   13.486|
in2<17>        |out<20>        |   13.749|
in2<17>        |out<21>        |   14.362|
in2<17>        |out<22>        |   15.373|
in2<17>        |out<23>        |   14.970|
in2<17>        |out<26>        |   11.459|
in2<17>        |out<27>        |   12.898|
in2<17>        |out<28>        |   14.055|
in2<17>        |out<29>        |   14.319|
in2<17>        |out<30>        |   13.966|
in2<17>        |out<31>        |   14.008|
in2<18>        |out<16>        |   11.870|
in2<18>        |out<17>        |   13.164|
in2<18>        |out<18>        |   14.707|
in2<18>        |out<19>        |   15.842|
in2<18>        |out<20>        |   16.854|
in2<18>        |out<21>        |   17.495|
in2<18>        |out<22>        |   18.506|
in2<18>        |out<23>        |   18.103|
in2<18>        |out<24>        |   12.571|
in2<18>        |out<25>        |   12.691|
in2<18>        |out<26>        |   13.998|
in2<18>        |out<27>        |   15.468|
in2<18>        |out<28>        |   16.904|
in2<18>        |out<29>        |   17.613|
in2<18>        |out<30>        |   17.260|
in2<18>        |out<31>        |   17.302|
in2<19>        |out<17>        |   12.874|
in2<19>        |out<18>        |   15.530|
in2<19>        |out<19>        |   16.665|
in2<19>        |out<20>        |   17.677|
in2<19>        |out<21>        |   18.318|
in2<19>        |out<22>        |   19.329|
in2<19>        |out<23>        |   18.926|
in2<19>        |out<25>        |   10.902|
in2<19>        |out<26>        |   12.454|
in2<19>        |out<27>        |   13.924|
in2<19>        |out<28>        |   15.360|
in2<19>        |out<29>        |   16.069|
in2<19>        |out<30>        |   15.716|
in2<19>        |out<31>        |   15.758|
in2<20>        |out<18>        |   12.725|
in2<20>        |out<19>        |   14.134|
in2<20>        |out<20>        |   16.192|
in2<20>        |out<21>        |   16.833|
in2<20>        |out<22>        |   17.844|
in2<20>        |out<23>        |   17.441|
in2<20>        |out<26>        |   12.280|
in2<20>        |out<27>        |   13.750|
in2<20>        |out<28>        |   15.099|
in2<20>        |out<29>        |   15.808|
in2<20>        |out<30>        |   15.455|
in2<20>        |out<31>        |   15.497|
in2<21>        |out<16>        |    9.299|
in2<21>        |out<17>        |   12.030|
in2<21>        |out<18>        |   13.670|
in2<21>        |out<19>        |   13.888|
in2<21>        |out<20>        |   13.934|
in2<21>        |out<21>        |   14.629|
in2<21>        |out<22>        |   15.640|
in2<21>        |out<23>        |   15.237|
in2<21>        |out<24>        |    8.641|
in2<21>        |out<25>        |   10.482|
in2<21>        |out<26>        |   10.405|
in2<21>        |out<27>        |   10.689|
in2<21>        |out<28>        |   11.933|
in2<21>        |out<29>        |   12.787|
in2<21>        |out<30>        |   12.434|
in2<21>        |out<31>        |   12.476|
in2<22>        |out<17>        |   10.617|
in2<22>        |out<18>        |   12.201|
in2<22>        |out<19>        |   12.419|
in2<22>        |out<20>        |   12.465|
in2<22>        |out<21>        |   13.160|
in2<22>        |out<22>        |   14.171|
in2<22>        |out<23>        |   13.768|
in2<22>        |out<25>        |   12.571|
in2<22>        |out<26>        |   13.399|
in2<22>        |out<27>        |   13.683|
in2<22>        |out<28>        |   14.842|
in2<22>        |out<29>        |   15.696|
in2<22>        |out<30>        |   15.343|
in2<22>        |out<31>        |   15.385|
in2<23>        |out<18>        |   10.951|
in2<23>        |out<19>        |   11.169|
in2<23>        |out<20>        |   11.595|
in2<23>        |out<21>        |   12.412|
in2<23>        |out<22>        |   13.423|
in2<23>        |out<23>        |   13.020|
in2<23>        |out<26>        |   11.892|
in2<23>        |out<27>        |   12.176|
in2<23>        |out<28>        |   13.455|
in2<23>        |out<29>        |   14.309|
in2<23>        |out<30>        |   13.956|
in2<23>        |out<31>        |   13.998|
---------------+---------------+---------+


Analysis completed Mon Apr 15 18:48:59 2013 
--------------------------------------------------------------------------------

Trace Settings:
-------------------------
Trace Settings 

Peak Memory Usage: 123 MB



